\BOOKMARK [0][-]{chapter*.1}{\376\377\000L\036\335\000i\000\040\000c\036\243\000m\000\040\001\241\000n}{}% 1
\BOOKMARK [0][-]{chapter*.2}{\376\377\000T\000\363\000m\000\040\000t\036\257\000t}{}% 2
\BOOKMARK [0][-]{chapter.1}{\376\377\000G\000i\036\333\000i\000\040\000t\000h\000i\036\307\000u}{}% 3
\BOOKMARK [1][-]{section.1.1}{\376\377\000B\036\321\000i\000\040\000c\036\243\000n\000h\000\040\000v\000\340\000\040\000v\036\245\000n\000\040\001\021\036\301}{chapter.1}% 4
\BOOKMARK [1][-]{section.1.2}{\376\377\000M\036\345\000c\000\040\000t\000i\000\352\000u\000\040\001\021\036\323\000\040\000\341\000n}{chapter.1}% 5
\BOOKMARK [1][-]{section.1.3}{\376\377\000P\000h\036\241\000m\000\040\000v\000i\000\040\000v\000\340\000\040\000g\000i\036\333\000i\000\040\000h\036\241\000n}{chapter.1}% 6
\BOOKMARK [1][-]{section.1.4}{\376\377\000C\036\245\000u\000\040\000t\000r\000\372\000c\000\040\000b\000\341\000o\000\040\000c\000\341\000o}{chapter.1}% 7
\BOOKMARK [0][-]{chapter.2}{\376\377\000C\001\241\000\040\000s\036\337\000\040\000l\000\375\000\040\000t\000h\000u\000y\036\277\000t}{}% 8
\BOOKMARK [1][-]{section.2.1}{\376\377\000C\000A\000P\000T\000C\000H\000A\000\040\000v\000\340\000\040\000O\000C\000R}{chapter.2}% 9
\BOOKMARK [1][-]{section.2.2}{\376\377\000Y\000O\000L\000O\000\040\040\024\000\040\000O\000b\000j\000e\000c\000t\000\040\000D\000e\000t\000e\000c\000t\000i\000o\000n}{chapter.2}% 10
\BOOKMARK [1][-]{section.2.3}{\376\377\000D\000o\000n\000u\000t\000\040\040\024\000\040\000D\000o\000c\000u\000m\000e\000n\000t\000\040\000V\000i\000s\000i\000o\000n\000-\000L\000a\000n\000g\000u\000a\000g\000e\000\040\000M\000o\000d\000e\000l}{chapter.2}% 11
\BOOKMARK [1][-]{section.2.4}{\376\377\000T\000r\000O\000C\000R\000\040\040\024\000\040\000T\000r\000a\000n\000s\000f\000o\000r\000m\000e\000r\000\040\000O\000C\000R}{chapter.2}% 12
\BOOKMARK [1][-]{section.2.5}{\376\377\000C\000\341\000c\000\040\000c\000h\036\311\000\040\000s\036\321\000\040\001\021\000\341\000n\000h\000\040\000g\000i\000\341}{chapter.2}% 13
\BOOKMARK [0][-]{chapter.3}{\376\377\000K\000i\036\277\000n\000\040\000t\000r\000\372\000c\000\040\000h\036\307\000\040\000t\000h\036\321\000n\000g}{}% 14
\BOOKMARK [1][-]{section.3.1}{\376\377\000T\036\325\000n\000g\000\040\000q\000u\000a\000n\000\040\000k\000i\036\277\000n\000\040\000t\000r\000\372\000c}{chapter.3}% 15
\BOOKMARK [1][-]{section.3.2}{\376\377\000C\000\364\000n\000g\000\040\000n\000g\000h\036\307\000\040\000s\036\355\000\040\000d\036\345\000n\000g}{chapter.3}% 16
\BOOKMARK [1][-]{section.3.3}{\376\377\000D\000a\000n\000h\000\040\000m\036\345\000c\000\040\000f\000i\000l\000e\000\040\000m\000\343\000\040\000n\000g\000u\036\323\000n}{chapter.3}% 17
\BOOKMARK [1][-]{section.3.4}{\376\377\000C\036\245\000u\000\040\000h\000\354\000n\000h\000\040\000t\036\255\000p\000\040\000t\000r\000u\000n\000g\000\040\000\050\000c\000o\000n\000f\000i\000g\000.\000p\000y\000\051}{chapter.3}% 18
\BOOKMARK [0][-]{chapter.4}{\376\377\000S\000i\000n\000h\000\040\000d\036\357\000\040\000l\000i\036\307\000u\000\040\000C\000A\000P\000T\000C\000H\000A\000\040\000t\036\325\000n\000g\000\040\000h\036\343\000p}{}% 19
\BOOKMARK [1][-]{section.4.1}{\376\377\000L\036\333\000p\000\040\000C\000a\000p\000t\000c\000h\000a\000G\000e\000n\000e\000r\000a\000t\000o\000r}{chapter.4}% 20
\BOOKMARK [2][-]{subsection.4.1.1}{\376\377\000K\000h\036\337\000i\000\040\000t\036\241\000o}{section.4.1}% 21
\BOOKMARK [2][-]{subsection.4.1.2}{\376\377\000H\000\340\000m\000\040\000g\000e\000n\000e\000r\000a\000t\000e\000\137\000d\000a\000t\000a\000\050\000\051}{section.4.1}% 22
\BOOKMARK [2][-]{subsection.4.1.3}{\376\377\000H\000\340\000m\000\040\000\137\000d\000i\000s\000t\000o\000r\000t\000\137\000s\000i\000n\000g\000l\000e\000\137\000c\000h\000a\000r\000\137\000c\000v\0002\000\050\000\051}{section.4.1}% 23
\BOOKMARK [1][-]{section.4.2}{\376\377\000L\036\333\000p\000\040\000D\000a\000t\000a\000s\000e\000t\000B\000u\000i\000l\000d\000e\000r}{chapter.4}% 24
\BOOKMARK [2][-]{subsection.4.2.1}{\376\377\000C\000h\000i\036\277\000n\000\040\000l\001\260\036\343\000c\000\040\000T\000r\000a\000i\000n\000\040\000v\000s\000\040\000V\000a\000l\000i\000d\000a\000t\000i\000o\000n}{section.4.2}% 25
\BOOKMARK [2][-]{subsection.4.2.2}{\376\377\000H\000\340\000m\000\040\000b\000u\000i\000l\000d\000\137\000y\000o\000l\000o\000\137\000l\000a\000b\000e\000l\000s\000\050\000\051}{section.4.2}% 26
\BOOKMARK [2][-]{subsection.4.2.3}{\376\377\000C\036\245\000u\000\040\000t\000r\000\372\000c\000\040\000t\000h\001\260\000\040\000m\036\345\000c\000\040\000d\000a\000t\000a\000s\000e\000t}{section.4.2}% 27
\BOOKMARK [0][-]{chapter.5}{\376\377\000A\000u\000g\000m\000e\000n\000t\000a\000t\000i\000o\000n\000\040\000v\000\340\000\040\000t\000i\036\301\000n\000\040\000x\036\355\000\040\000l\000\375}{}% 28
\BOOKMARK [1][-]{section.5.1}{\376\377\000L\036\333\000p\000\040\000C\000a\000p\000t\000c\000h\000a\000A\000u\000g\000m\000e\000n\000t\000e\000r}{chapter.5}% 29
\BOOKMARK [2][-]{subsection.5.1.1}{\376\377\000C\000u\000s\000t\000o\000m\000\040\000t\000r\000a\000n\000s\000f\000o\000r\000m\000s}{section.5.1}% 30
\BOOKMARK [2][-]{subsection.5.1.2}{\376\377\000P\000i\000p\000e\000l\000i\000n\000e\000\040\000t\036\325\000n\000g\000\040\000h\036\343\000p}{section.5.1}% 31
\BOOKMARK [2][-]{subsection.5.1.3}{\376\377\000A\000u\000g\000m\000e\000n\000t\000a\000t\000i\000o\000n\000\040\000o\000n\000-\000t\000h\000e\000-\000f\000l\000y\000\040\000k\000h\000i\000\040\000t\000r\000a\000i\000n}{section.5.1}% 32
\BOOKMARK [0][-]{chapter.6}{\376\377\000M\000\364\000\040\000h\000\354\000n\000h\000\040\000Y\000O\000L\000O\0001\0001\000x}{}% 33
\BOOKMARK [1][-]{section.6.1}{\376\377\000\335\000\040\000t\001\260\036\337\000n\000g}{chapter.6}% 34
\BOOKMARK [1][-]{section.6.2}{\376\377\000C\036\245\000u\000\040\000h\000\354\000n\000h\000\040\000d\000a\000t\000a\000s\000e\000t\000\040\000\050\000d\000a\000t\000a\000s\000e\000t\000.\000y\000a\000m\000l\000\051}{chapter.6}% 35
\BOOKMARK [1][-]{section.6.3}{\376\377\000C\000u\000s\000t\000o\000m\000\040\000D\000a\000t\000a\000s\000e\000t\000\040\000v\000\340\000\040\000T\000r\000a\000i\000n\000e\000r}{chapter.6}% 36
\BOOKMARK [2][-]{subsection.6.3.1}{\376\377\000C\000u\000s\000t\000o\000m\000C\000a\000p\000t\000c\000h\000a\000D\000a\000t\000a\000s\000e\000t}{section.6.3}% 37
\BOOKMARK [2][-]{subsection.6.3.2}{\376\377\000C\000u\000s\000t\000o\000m\000T\000r\000a\000i\000n\000e\000r}{section.6.3}% 38
\BOOKMARK [2][-]{subsection.6.3.3}{\376\377\000T\036\257\000t\000\040\000a\000u\000g\000m\000e\000n\000t\000a\000t\000i\000o\000n\000\040\000m\036\267\000c\000\040\001\021\036\313\000n\000h\000\040\000c\036\347\000a\000\040\000Y\000O\000L\000O}{section.6.3}% 39
\BOOKMARK [1][-]{section.6.4}{\376\377\000H\000y\000p\000e\000r\000p\000a\000r\000a\000m\000e\000t\000e\000r\000s\000\040\000h\000u\036\245\000n\000\040\000l\000u\000y\036\307\000n}{chapter.6}% 40
\BOOKMARK [1][-]{section.6.5}{\376\377\000C\000a\000l\000l\000b\000a\000c\000k\000\040\001\021\000\341\000n\000h\000\040\000g\000i\000\341\000\040\000C\000E\000R\000\040\000t\000\371\000y\000\040\000c\000h\036\311\000n\000h}{chapter.6}% 41
\BOOKMARK [1][-]{section.6.6}{\376\377\000W\000o\000r\000k\000a\000r\000o\000u\000n\000d\000\040\000t\000o\000r\000c\000h\000a\000u\000d\000i\000o}{chapter.6}% 42
\BOOKMARK [1][-]{section.6.7}{\376\377\000I\000n\000f\000e\000r\000e\000n\000c\000e\000\040\000\050\000a\000p\000p\000.\000p\000y\000\040\040\024\000\040\000r\000u\000n\000\137\000y\000o\000l\000o\000\051}{chapter.6}% 43
\BOOKMARK [0][-]{chapter.7}{\376\377\000M\000\364\000\040\000h\000\354\000n\000h\000\040\000D\000o\000n\000u\000t}{}% 44
\BOOKMARK [1][-]{section.7.1}{\376\377\000K\000i\036\277\000n\000\040\000t\000r\000\372\000c\000\040\000v\000\340\000\040\000p\000r\000e\000-\000t\000r\000a\000i\000n\000e\000d}{chapter.7}% 45
\BOOKMARK [1][-]{section.7.2}{\376\377\000T\000o\000k\000e\000n\000\040\000t\000\341\000c\000\040\000v\036\345\000\040\000t\000\371\000y\000\040\000c\000h\036\311\000n\000h}{chapter.7}% 46
\BOOKMARK [1][-]{section.7.3}{\376\377\000D\000a\000t\000a\000s\000e\000t\000\040\000C\000a\000p\000t\000c\000h\000a\000D\000o\000n\000u\000t\000D\000a\000t\000a\000s\000e\000t}{chapter.7}% 47
\BOOKMARK [1][-]{section.7.4}{\376\377\000M\000e\000t\000r\000i\000c\000s}{chapter.7}% 48
\BOOKMARK [1][-]{section.7.5}{\376\377\000H\000y\000p\000e\000r\000p\000a\000r\000a\000m\000e\000t\000e\000r\000s}{chapter.7}% 49
\BOOKMARK [1][-]{section.7.6}{\376\377\000P\000a\000t\000c\000h\000\040\000S\000w\000i\000n\000\040\000E\000n\000c\000o\000d\000e\000r}{chapter.7}% 50
\BOOKMARK [1][-]{section.7.7}{\376\377\000I\000n\000f\000e\000r\000e\000n\000c\000e}{chapter.7}% 51
\BOOKMARK [0][-]{chapter.8}{\376\377\000M\000\364\000\040\000h\000\354\000n\000h\000\040\000T\000r\000O\000C\000R}{}% 52
\BOOKMARK [1][-]{section.8.1}{\376\377\000K\000i\036\277\000n\000\040\000t\000r\000\372\000c}{chapter.8}% 53
\BOOKMARK [1][-]{section.8.2}{\376\377\000D\000a\000t\000a\000s\000e\000t\000\040\000C\000a\000p\000t\000c\000h\000a\000T\000r\000O\000C\000R\000D\000a\000t\000a\000s\000e\000t}{chapter.8}% 54
\BOOKMARK [1][-]{section.8.3}{\376\377\000S\000e\000q\0002\000S\000e\000q\000T\000r\000a\000i\000n\000e\000r}{chapter.8}% 55
\BOOKMARK [1][-]{section.8.4}{\376\377\000G\000e\000n\000e\000r\000a\000t\000i\000o\000n\000\040\000c\000o\000n\000f\000i\000g}{chapter.8}% 56
\BOOKMARK [1][-]{section.8.5}{\376\377\000R\000e\000s\000t\000r\000i\000c\000t\000V\000o\000c\000a\000b\000L\000o\000g\000i\000t\000s\000P\000r\000o\000c\000e\000s\000s\000o\000r\000\040\000\050\000t\000e\000s\000t\000\137\000t\000r\000o\000c\000r\000.\000p\000y\000\051}{chapter.8}% 57
\BOOKMARK [1][-]{section.8.6}{\376\377\000H\000y\000p\000e\000r\000p\000a\000r\000a\000m\000e\000t\000e\000r\000s}{chapter.8}% 58
\BOOKMARK [0][-]{chapter.9}{\376\377\036\350\000n\000g\000\040\000d\036\345\000n\000g\000\040\000I\000n\000f\000e\000r\000e\000n\000c\000e\000\040\000v\000\340\000\040\000D\000e\000m\000o}{}% 59
\BOOKMARK [1][-]{section.9.1}{\376\377\036\350\000n\000g\000\040\000d\036\345\000n\000g\000\040\000G\000r\000a\000d\000i\000o\000\040\000\050\000a\000p\000p\000.\000p\000y\000\051}{chapter.9}% 60
\BOOKMARK [2][-]{subsection.9.1.1}{\376\377\000T\000i\036\301\000n\000\040\000x\036\355\000\040\000l\000\375\000\040\036\243\000n\000h\000\040\001\021\036\247\000u\000\040\000v\000\340\000o}{section.9.1}% 61
\BOOKMARK [2][-]{subsection.9.1.2}{\376\377\000G\000i\000a\000o\000\040\000d\000i\036\307\000n}{section.9.1}% 62
\BOOKMARK [1][-]{section.9.2}{\376\377\000H\000\340\000m\000\040\000c\000l\000e\000a\000n\000\137\000t\000e\000x\000t\000\050\000\051\000\040\000\050\000u\000t\000i\000l\000s\000.\000p\000y\000\051}{chapter.9}% 63
\BOOKMARK [1][-]{section.9.3}{\376\377\000C\000a\000l\000l\000b\000a\000c\000k\000\040\000t\000r\036\361\000c\000\040\000q\000u\000a\000n\000\040\000W\000a\000n\000d\000B}{chapter.9}% 64
\BOOKMARK [0][-]{chapter.10}{\376\377\001\020\000\341\000n\000h\000\040\000g\000i\000\341\000\040\000t\000h\036\361\000c\000\040\000n\000g\000h\000i\036\307\000m}{}% 65
\BOOKMARK [1][-]{section.10.1}{\376\377\000T\000h\000i\036\277\000t\000\040\000l\036\255\000p\000\040\000t\000h\000\355\000\040\000n\000g\000h\000i\036\307\000m}{chapter.10}% 66
\BOOKMARK [1][-]{section.10.2}{\376\377\000B\036\243\000n\000g\000\040\000s\000o\000\040\000s\000\341\000n\000h\000\040\000h\000y\000p\000e\000r\000p\000a\000r\000a\000m\000e\000t\000e\000r\000s}{chapter.10}% 67
\BOOKMARK [1][-]{section.10.3}{\376\377\000K\036\277\000t\000\040\000q\000u\036\243\000\040\000\050\001\021\000i\036\301\000n\000\040\000s\000a\000u\000\040\000k\000h\000i\000\040\000t\000r\000a\000i\000n\000\051}{chapter.10}% 68
\BOOKMARK [1][-]{section.10.4}{\376\377\000P\000h\000\342\000n\000\040\000t\000\355\000c\000h\000\040\001\021\036\313\000n\000h\000\040\000t\000\355\000n\000h}{chapter.10}% 69
\BOOKMARK [0][-]{chapter.11}{\376\377\000K\000h\000\363\000\040\000k\000h\001\003\000n\000,\000\040\000g\000i\036\243\000i\000\040\000p\000h\000\341\000p\000\040\000v\000\340\000\040\000h\001\260\036\333\000n\000g\000\040\000p\000h\000\341\000t\000\040\000t\000r\000i\036\303\000n}{}% 70
\BOOKMARK [1][-]{section.11.1}{\376\377\000K\000h\000\363\000\040\000k\000h\001\003\000n\000\040\000g\036\267\000p\000\040\000p\000h\036\243\000i}{chapter.11}% 71
\BOOKMARK [1][-]{section.11.2}{\376\377\000H\001\260\036\333\000n\000g\000\040\000p\000h\000\341\000t\000\040\000t\000r\000i\036\303\000n}{chapter.11}% 72
\BOOKMARK [0][-]{chapter*.5}{\376\377\000K\036\277\000t\000\040\000l\000u\036\255\000n}{}% 73
\BOOKMARK [0][-]{chapter*.6}{\376\377\000T\000\340\000i\000\040\000l\000i\036\307\000u\000\040\000t\000h\000a\000m\000\040\000k\000h\036\243\000o}{}% 74
\BOOKMARK [0][-]{appendix.A}{\376\377\000P\000h\036\345\000\040\000l\036\345\000c\000:\000\040\000H\001\260\036\333\000n\000g\000\040\000d\036\253\000n\000\040\000c\000\340\000i\000\040\001\021\036\267\000t\000\040\000v\000\340\000\040\000c\000h\036\241\000y}{}% 75
\BOOKMARK [1][-]{section.A.1}{\376\377\000C\000\340\000i\000\040\001\021\036\267\000t\000\040\000m\000\364\000i\000\040\000t\000r\001\260\036\335\000n\000g}{appendix.A}% 76
\BOOKMARK [1][-]{section.A.2}{\376\377\000L\036\307\000n\000h\000\040\000c\000h\036\241\000y\000\040\000c\000h\000\355\000n\000h}{appendix.A}% 77
